======================================================================
  NSE CIRCULAR KEYWORD MONITOR — Run at 2026-09-17 16:42:43
  Date Range  : 16-09-2026  →  17-09-2026
  Keywords    : DR, DR PR, rebalancing, Mandatory software version changes, partition, mock, CAS, Live Trading, PR, cas, Mock
======================================================================

  🔔 28 MATCHED CIRCULAR(S) FOUND

  [1] ------------------------------------------------------------
      Date        : September 16, 2026
      Circular No : NSE/INVG/76381
      Company     : NSE
      Department  : Surveillance & Investigation
      Dept Code   : INVG
      Category    : Compliance
      Subject     : SEBI Ex-Parte Interim Order in the matter of cross segment price manipulation by Prrsaar Sampada Private Limited and Chaubara Eats Private Limited
      File Size   : 3.22 MB
      File Type   : ZIP
      PDF Link    : https://nsearchives.nseindia.com/content/circulars/INVG76381.zip
      Matched By  : "PR"

  [2] ------------------------------------------------------------
      Date        : September 16, 2026
      Circular No : NSE/CML/76369
      Company     : NSE
      Department  : Listing
      Dept Code   : CML
      Category    : Listing
      Subject     : Listing of privately placed securities on capital market segment
      File Size   : 213 KB
      File Type   : PDF
      PDF Link    : https://nsearchives.nseindia.com/content/circulars/CML76369.pdf
      Matched By  : "PR"

  [3] ------------------------------------------------------------
      Date        : September 16, 2026
      Circular No : NSE/CML/76368
      Company     : NSE
      Department  : Listing
      Dept Code   : CML
      Category    : Listing
      Subject     : Listing of privately placed securities on the debt market segment of the Exchange
      File Size   : 328 KB
      File Type   : PDF
      PDF Link    : https://nsearchives.nseindia.com/content/circulars/CML76368.pdf
      Matched By  : "PR"

  [4] ------------------------------------------------------------
      Date        : September 16, 2026
      Circular No : NSE/CML/76364
      Company     : NSE
      Department  : Listing
      Dept Code   : CML
      Category    : Listing
      Subject     : Listing of Equity Shares of LCC Projects Limited (IPO)
      File Size   : 2.87 MB
      File Type   : ZIP
      PDF Link    : https://nsearchives.nseindia.com/content/circulars/CML76364.zip
      Matched By  : "PR"

  [5] ------------------------------------------------------------
      Date        : September 16, 2026
      Circular No : NSE/CML/76351
      Company     : NSE
      Department  : Listing
      Dept Code   : CML
      Category    : Listing
      Subject     : Listing of Equity Shares of LCC Projects Limited (IPO)
      File Size   : 162 KB
      File Type   : PDF
      PDF Link    : https://nsearchives.nseindia.com/content/circulars/CML76351.pdf
      Matched By  : "PR"

  [6] ------------------------------------------------------------
      Date        : September 15, 2026
      Circular No : NSE/CML/76341
      Company     : NSE
      Department  : Listing
      Dept Code   : CML
      Category    : Listing
      Subject     : Listing of privately placed securities on capital market segment
      File Size   : 253 KB
      File Type   : PDF
      PDF Link    : https://nsearchives.nseindia.com/content/circulars/CML76341.pdf
      Matched By  : "PR"

  [7] ------------------------------------------------------------
      Date        : September 15, 2026
      Circular No : NSE/CML/76339
      Company     : NSE
      Department  : Debt Segment
      Dept Code   : CML
      Category    : Trading
      Subject     : Listing of privately placed securities on the debt market segment of the Exchange
      File Size   : 481 KB
      File Type   : PDF
      PDF Link    : https://nsearchives.nseindia.com/content/circulars/CML76339.pdf
      Matched By  : "PR"

  [8] ------------------------------------------------------------
      Date        : September 15, 2026
      Circular No : NSE/CML/76338
      Company     : NSE
      Department  : Debt Segment
      Dept Code   : CML
      Category    : Trading
      Subject     : Suspension of trading in Non-Convertible Securities (Privately Placed)
      File Size   : 247 KB
      File Type   : PDF
      PDF Link    : https://nsearchives.nseindia.com/content/circulars/CML76338.pdf
      Matched By  : "PR"

  [9] ------------------------------------------------------------
      Date        : September 15, 2026
      Circular No : NSE/CML/76336
      Company     : NSE
      Department  : Listing
      Dept Code   : CML
      Category    : Listing
      Subject     : Listing of Equity Shares of Prasol Chemicals Limited (IPO)
      File Size   : 1.59 MB
      File Type   : ZIP
      PDF Link    : https://nsearchives.nseindia.com/content/circulars/CML76336.zip
      Matched By  : "PR"

  [10] ------------------------------------------------------------
      Date        : September 15, 2026
      Circular No : NSE/CML/76317
      Company     : NSE
      Department  : Listing
      Dept Code   : CML
      Category    : Listing
      Subject     : Listing of Equity Shares of Prasol Chemicals Limited (IPO)
      File Size   : 162 KB
      File Type   : PDF
      PDF Link    : https://nsearchives.nseindia.com/content/circulars/CML76317.pdf
      Matched By  : "PR"

  [11] ------------------------------------------------------------
      Date        : September 11, 2026
      Circular No : NSE/CML/76326
      Company     : NSE
      Department  : Listing
      Dept Code   : CML
      Category    : Listing
      Subject     : Revised list of privately issued Corporate Bonds made eligible under DVP-3 settlement on Institutional Platform of Debt Segment
      File Size   : 530 KB
      File Type   : ZIP
      PDF Link    : https://nsearchives.nseindia.com/content/circulars/CML76326.zip
      Matched By  : "PR"

  [12] ------------------------------------------------------------
      Date        : September 11, 2026
      Circular No : NSE/CML/76319
      Company     : NSE
      Department  : Listing
      Dept Code   : CML
      Category    : Listing
      Subject     : Suspension of trading in Non-Convertible Securities (Privately Placed)
      File Size   : 252 KB
      File Type   : PDF
      PDF Link    : https://nsearchives.nseindia.com/content/circulars/CML76319.pdf
      Matched By  : "PR"

  [13] ------------------------------------------------------------
      Date        : September 11, 2026
      Circular No : NSE/CML/76316
      Company     : NSE
      Department  : Listing
      Dept Code   : CML
      Category    : Listing
      Subject     : Listing of privately placed securities on the debt market segment of the Exchange
      File Size   : 407 KB
      File Type   : PDF
      PDF Link    : https://nsearchives.nseindia.com/content/circulars/CML76316.pdf
      Matched By  : "PR"

  [14] ------------------------------------------------------------
      Date        : September 11, 2026
      Circular No : NSE/CML/76313
      Company     : NSE
      Department  : Listing
      Dept Code   : CML
      Category    : Listing
      Subject     : Listing of Equity Shares of Pranav Constructions Limited (IPO)
      File Size   : 1.41 MB
      File Type   : ZIP
      PDF Link    : https://nsearchives.nseindia.com/content/circulars/CML76313.zip
      Matched By  : "PR"

  [15] ------------------------------------------------------------
      Date        : September 11, 2026
      Circular No : NSE/NMF/76311
      Company     : NSE
      Department  : Mutual Fund
      Dept Code   : NMF
      Category    : Trading
      Subject     : Introduction of Monthly Income Distribution cum withdrawal (IDCW) option in Helios Mutual Fund on NSE MF Invest Platform
      File Size   : 450 KB
      File Type   : ZIP
      PDF Link    : https://nsearchives.nseindia.com/content/circulars/NMF76311.zip
      Matched By  : "DR"

  [16] ------------------------------------------------------------
      Date        : September 11, 2026
      Circular No : NSE/CMTR/76303
      Company     : NSE
      Department  : Emerge
      Dept Code   : CMTR
      Category    : Others
      Subject     : Mock trading on Saturday, September 12, 2026 - No new version release
      File Size   : 209 KB
      File Type   : PDF
      PDF Link    : https://nsearchives.nseindia.com/content/circulars/CMTR76303.pdf
      Matched By  : "mock" | "Mock"

  [17] ------------------------------------------------------------
      Date        : September 11, 2026
      Circular No : NSE/CML/76302
      Company     : NSE
      Department  : Listing
      Dept Code   : CML
      Category    : Listing
      Subject     : Listing of Equity Shares of Pranav Constructions Limited (IPO)
      File Size   : 163 KB
      File Type   : PDF
      PDF Link    : https://nsearchives.nseindia.com/content/circulars/CML76302.pdf
      Matched By  : "PR"

  [18] ------------------------------------------------------------
      Date        : September 11, 2026
      Circular No : NSE/EGR/76301
      Company     : NSE
      Department  : Electronic Gold Receipt
      Dept Code   : EGR
      Category    : Trading, Clearing & settlement
      Subject     : Mock trading on Saturday, September 12, 2026 - No new version release
      File Size   : 247 KB
      File Type   : PDF
      PDF Link    : https://nsearchives.nseindia.com/content/circulars/EGR76301.pdf
      Matched By  : "mock" | "Mock"

  [19] ------------------------------------------------------------
      Date        : September 11, 2026
      Circular No : NSE/CD/76300
      Company     : NSE
      Department  : Currency Derivatives
      Dept Code   : CD
      Category    : Trading
      Subject     : Mock trading on Saturday, September 12, 2026 - No new version release
      File Size   : 183 KB
      File Type   : PDF
      PDF Link    : https://nsearchives.nseindia.com/content/circulars/CD76300.pdf
      Matched By  : "mock" | "Mock"

  [20] ------------------------------------------------------------
      Date        : September 11, 2026
      Circular No : NSE/COM/76297
      Company     : NSE
      Department  : Commodity Derivatives
      Dept Code   : COM
      Category    : Trading
      Subject     : Mock session on Saturday, September 12, 2026 - No new version release
      File Size   : 181 KB
      File Type   : PDF
      PDF Link    : https://nsearchives.nseindia.com/content/circulars/COM76297.pdf
      Matched By  : "mock" | "Mock"

  [21] ------------------------------------------------------------
      Date        : September 11, 2026
      Circular No : NSE/FAOP/76293
      Company     : NSE
      Department  : Futures & Options
      Dept Code   : FAOP
      Category    : Trading
      Subject     : Mock trading on Saturday, September 12, 2026 - No new version release
      File Size   : 198 KB
      File Type   : PDF
      PDF Link    : https://nsearchives.nseindia.com/content/circulars/FAOP76293.pdf
      Matched By  : "mock" | "Mock"

  [22] ------------------------------------------------------------
      Date        : September 11, 2026
      Circular No : NSE/SLBS/76273
      Company     : NSE
      Department  : Securities Lending & Borrowing Scheme
      Dept Code   : SLBS
      Category    : Clearing
      Subject     : Mock trading on Saturday, September 12, 2026 - No new version release
      File Size   : 181 KB
      File Type   : PDF
      PDF Link    : https://nsearchives.nseindia.com/content/circulars/SLBS76273.pdf
      Matched By  : "mock" | "Mock"

  [23] ------------------------------------------------------------
      Date        : September 10, 2026
      Circular No : NSE/CML/76295
      Company     : NSE
      Department  : Listing
      Dept Code   : CML
      Category    : Listing
      Subject     : Listing of further issue of Prabha Energy Limited
      File Size   : 705 KB
      File Type   : PDF
      PDF Link    : https://nsearchives.nseindia.com/content/circulars/CML76295.pdf
      Matched By  : "PR"

  [24] ------------------------------------------------------------
      Date        : September 10, 2026
      Circular No : NSE/CML/76287
      Company     : NSE
      Department  : Listing
      Dept Code   : CML
      Category    : Listing
      Subject     : Listing of privately placed securities on the debt market segment of the Exchange
      File Size   : 290 KB
      File Type   : PDF
      PDF Link    : https://nsearchives.nseindia.com/content/circulars/CML76287.pdf
      Matched By  : "PR"

  [25] ------------------------------------------------------------
      Date        : September 10, 2026
      Circular No : NSE/CML/76285
      Company     : NSE
      Department  : Listing
      Dept Code   : CML
      Category    : Listing
      Subject     : Listing of privately placed securities on capital market segment
      File Size   : 246 KB
      File Type   : PDF
      PDF Link    : https://nsearchives.nseindia.com/content/circulars/CML76285.pdf
      Matched By  : "PR"

  [26] ------------------------------------------------------------
      Date        : September 10, 2026
      Circular No : NSE/CML/76275
      Company     : NSE
      Department  : Listing
      Dept Code   : CML
      Category    : Listing
      Subject     : Suspension of trading in Non-Convertible Securities (Privately Placed)
      File Size   : 248 KB
      File Type   : PDF
      PDF Link    : https://nsearchives.nseindia.com/content/circulars/CML76275.pdf
      Matched By  : "PR"

  [27] ------------------------------------------------------------
      Date        : September 10, 2026
      Circular No : NSE/CML/76274
      Company     : NSE
      Department  : Listing
      Dept Code   : CML
      Category    : Listing
      Subject     : Change in name of Pritish Nandy Communications Limited
      File Size   : 191 KB
      File Type   : PDF
      PDF Link    : https://nsearchives.nseindia.com/content/circulars/CML76274.pdf
      Matched By  : "PR"

  [28] ------------------------------------------------------------
      Date        : September 10, 2026
      Circular No : NCL/COM/76267
      Company     : NCL
      Department  : Commodity Derivatives
      Dept Code   : COM
      Category    : Trading
      Subject     : Review of Position Limits for Clients and Penalty Provisions for Violation / Breach of Position Limits for Commodity Derivatives Segment
      File Size   : 444 KB
      File Type   : ZIP
      PDF Link    : https://nsearchives.nseindia.com/content/circulars/COM76267.zip
      Matched By  : "PR"

======================================================================
