======================================================================
  NSE CIRCULAR KEYWORD MONITOR — Run at 2026-09-21 11:25:04
  Date Range  : 20-09-2026  →  21-09-2026
  Keywords    : DR, DR PR, rebalancing, Mandatory software version changes, partition, mock, CAS, Live Trading, PR, cas, Mock
======================================================================

  🔔 28 MATCHED CIRCULAR(S) FOUND

  [1] ------------------------------------------------------------
      Date        : September 18, 2026
      Circular No : NCL/CMPL/76430
      Company     : NCL
      Department  : Inspection & Compliance
      Dept Code   : CMPL
      Category    : Compliance
      Subject     : Samuhik Prativedan Manch- A Technology based sharing mechanism of common submissions extended to Members of Clearing Corporations
      File Size   : 283 KB
      File Type   : ZIP
      PDF Link    : https://nsearchives.nseindia.com/content/circulars/CMPL76430.zip
      Matched By  : "PR"

  [2] ------------------------------------------------------------
      Date        : September 18, 2026
      Circular No : NSE/CML/76427
      Company     : NSE
      Department  : Listing
      Dept Code   : CML
      Category    : Listing
      Subject     : Listing of privately placed securities on capital market segment
      File Size   : 219 KB
      File Type   : PDF
      PDF Link    : https://nsearchives.nseindia.com/content/circulars/CML76427.pdf
      Matched By  : "PR"

  [3] ------------------------------------------------------------
      Date        : September 18, 2026
      Circular No : NSE/CML/76426
      Company     : NSE
      Department  : Listing
      Dept Code   : CML
      Category    : Listing
      Subject     : Listing of privately placed securities on the debt market segment of the Exchange
      File Size   : 349 KB
      File Type   : PDF
      PDF Link    : https://nsearchives.nseindia.com/content/circulars/CML76426.pdf
      Matched By  : "PR"

  [4] ------------------------------------------------------------
      Date        : September 18, 2026
      Circular No : NSE/CMTR/76422
      Company     : NSE
      Department  : Capital Market (Equities) Trade
      Dept Code   : CMTR
      Category    : Trading
      Subject     : Mock trading on Saturday, September 19, 2026 - No new version release
      File Size   : 208 KB
      File Type   : PDF
      PDF Link    : https://nsearchives.nseindia.com/content/circulars/CMTR76422.pdf
      Matched By  : "mock" | "Mock"

  [5] ------------------------------------------------------------
      Date        : September 18, 2026
      Circular No : NSE/CML/76420
      Company     : NSE
      Department  : Emerge
      Dept Code   : CML
      Category    : Others
      Subject     : Extension of trading of Rights Entitlement pursuant to Rights Issue - Rajgor Castor Derivatives limited
      File Size   : 550 KB
      File Type   : ZIP
      PDF Link    : https://nsearchives.nseindia.com/content/circulars/CML76420.zip
      Matched By  : "CAS" | "cas"

  [6] ------------------------------------------------------------
      Date        : September 18, 2026
      Circular No : NSE/EGR/76419
      Company     : NSE
      Department  : Electronic Gold Receipt
      Dept Code   : EGR
      Category    : Trading, Clearing & settlement
      Subject     : Mock trading on Saturday, September 19, 2026 - No new version release
      File Size   : 321 KB
      File Type   : PDF
      PDF Link    : https://nsearchives.nseindia.com/content/circulars/EGR76419.pdf
      Matched By  : "mock" | "Mock"

  [7] ------------------------------------------------------------
      Date        : September 18, 2026
      Circular No : NSE/SLBS/76418
      Company     : NSE
      Department  : Securities Lending & Borrowing Scheme
      Dept Code   : SLBS
      Category    : Clearing
      Subject     : Mock trading on Saturday, September 19, 2026 - No new version release
      File Size   : 180 KB
      File Type   : PDF
      PDF Link    : https://nsearchives.nseindia.com/content/circulars/SLBS76418.pdf
      Matched By  : "mock" | "Mock"

  [8] ------------------------------------------------------------
      Date        : September 18, 2026
      Circular No : NSE/COM/76414
      Company     : NSE
      Department  : Commodity Derivatives
      Dept Code   : COM
      Category    : Trading
      Subject     : Mock session on Saturday, September 19, 2026 - No new version release
      File Size   : 179 KB
      File Type   : PDF
      PDF Link    : https://nsearchives.nseindia.com/content/circulars/COM76414.pdf
      Matched By  : "mock" | "Mock"

  [9] ------------------------------------------------------------
      Date        : September 18, 2026
      Circular No : NSE/CD/76412
      Company     : NSE
      Department  : Currency Derivatives
      Dept Code   : CD
      Category    : Trading
      Subject     : Mock trading on Saturday, September 19, 2026 - No new version release
      File Size   : 180 KB
      File Type   : PDF
      PDF Link    : https://nsearchives.nseindia.com/content/circulars/CD76412.pdf
      Matched By  : "mock" | "Mock"

  [10] ------------------------------------------------------------
      Date        : September 18, 2026
      Circular No : NSE/FAOP/76410
      Company     : NSE
      Department  : Futures & Options
      Dept Code   : FAOP
      Category    : Trading
      Subject     : Mock trading on Saturday, September 19, 2026 - No new version release
      File Size   : 195 KB
      File Type   : PDF
      PDF Link    : https://nsearchives.nseindia.com/content/circulars/FAOP76410.pdf
      Matched By  : "mock" | "Mock"

  [11] ------------------------------------------------------------
      Date        : September 18, 2026
      Circular No : NSE/NMF/76407
      Company     : NSE
      Department  : Mutual Fund
      Dept Code   : NMF
      Category    : Trading
      Subject     : Availability of ICICI Prudential Life Cycle Fund 2041 on NSE MF Invest Platform
      File Size   : 276 KB
      File Type   : PDF
      PDF Link    : https://nsearchives.nseindia.com/content/circulars/NMF76407.pdf
      Matched By  : "PR"

  [12] ------------------------------------------------------------
      Date        : September 18, 2026
      Circular No : NSE/NMF/76385
      Company     : NSE
      Department  : Mutual Fund
      Dept Code   : NMF
      Category    : Trading
      Subject     : Availability of ICICI Prudential Life Cycle Fund 2036 on NSE MF Invest Platform
      File Size   : 279 KB
      File Type   : PDF
      PDF Link    : https://nsearchives.nseindia.com/content/circulars/NMF76385.pdf
      Matched By  : "PR"

  [13] ------------------------------------------------------------
      Date        : September 18, 2026
      Circular No : NSE/NMF/76384
      Company     : NSE
      Department  : Mutual Fund
      Dept Code   : NMF
      Category    : Trading
      Subject     : Availability of ICICI Prudential Life Cycle Fund 2031 on NSE MF Invest Platform
      File Size   : 275 KB
      File Type   : PDF
      PDF Link    : https://nsearchives.nseindia.com/content/circulars/NMF76384.pdf
      Matched By  : "PR"

  [14] ------------------------------------------------------------
      Date        : September 17, 2026
      Circular No : NSE/INVG/76404
      Company     : NSE
      Department  : Surveillance & Investigation
      Dept Code   : INVG
      Category    : Compliance
      Subject     : SEBI directions pursuant to SAT Order in the matter of Avance Ventures Private Limited
      File Size   : 3.04 MB
      File Type   : ZIP
      PDF Link    : https://nsearchives.nseindia.com/content/circulars/INVG76404.zip
      Matched By  : "PR"

  [15] ------------------------------------------------------------
      Date        : September 17, 2026
      Circular No : NSE/CML/76399
      Company     : NSE
      Department  : Debt Segment
      Dept Code   : CML
      Category    : Trading
      Subject     : Listing of privately placed securities on the debt market segment of the Exchange
      File Size   : 278 KB
      File Type   : PDF
      PDF Link    : https://nsearchives.nseindia.com/content/circulars/CML76399.pdf
      Matched By  : "PR"

  [16] ------------------------------------------------------------
      Date        : September 17, 2026
      Circular No : NSE/CML/76398
      Company     : NSE
      Department  : Listing
      Dept Code   : CML
      Category    : Listing
      Subject     : Listing of privately placed securities on capital market segment
      File Size   : 251 KB
      File Type   : PDF
      PDF Link    : https://nsearchives.nseindia.com/content/circulars/CML76398.pdf
      Matched By  : "PR"

  [17] ------------------------------------------------------------
      Date        : September 17, 2026
      Circular No : NSE/CML/76391
      Company     : NSE
      Department  : Listing
      Dept Code   : CML
      Category    : Listing
      Subject     : Suspension of trading in Non-Convertible Securities (Privately Placed)
      File Size   : 247 KB
      File Type   : PDF
      PDF Link    : https://nsearchives.nseindia.com/content/circulars/CML76391.pdf
      Matched By  : "PR"

  [18] ------------------------------------------------------------
      Date        : September 17, 2026
      Circular No : NSE/NMF/76386
      Company     : NSE
      Department  : Mutual Fund
      Dept Code   : NMF
      Category    : Trading
      Subject     : Availability of ICICI Prudential Dynamic Asset Allocation Passive FOF on NSE MF Invest Platform
      File Size   : 278 KB
      File Type   : PDF
      PDF Link    : https://nsearchives.nseindia.com/content/circulars/NMF76386.pdf
      Matched By  : "PR"

  [19] ------------------------------------------------------------
      Date        : September 16, 2026
      Circular No : NSE/INVG/76381
      Company     : NSE
      Department  : Surveillance & Investigation
      Dept Code   : INVG
      Category    : Compliance
      Subject     : SEBI Ex-Parte Interim Order in the matter of cross segment price manipulation by Prrsaar Sampada Private Limited and Chaubara Eats Private Limited
      File Size   : 3.22 MB
      File Type   : ZIP
      PDF Link    : https://nsearchives.nseindia.com/content/circulars/INVG76381.zip
      Matched By  : "PR"

  [20] ------------------------------------------------------------
      Date        : September 16, 2026
      Circular No : NSE/CML/76369
      Company     : NSE
      Department  : Listing
      Dept Code   : CML
      Category    : Listing
      Subject     : Listing of privately placed securities on capital market segment
      File Size   : 213 KB
      File Type   : PDF
      PDF Link    : https://nsearchives.nseindia.com/content/circulars/CML76369.pdf
      Matched By  : "PR"

  [21] ------------------------------------------------------------
      Date        : September 16, 2026
      Circular No : NSE/CML/76368
      Company     : NSE
      Department  : Listing
      Dept Code   : CML
      Category    : Listing
      Subject     : Listing of privately placed securities on the debt market segment of the Exchange
      File Size   : 328 KB
      File Type   : PDF
      PDF Link    : https://nsearchives.nseindia.com/content/circulars/CML76368.pdf
      Matched By  : "PR"

  [22] ------------------------------------------------------------
      Date        : September 16, 2026
      Circular No : NSE/CML/76364
      Company     : NSE
      Department  : Listing
      Dept Code   : CML
      Category    : Listing
      Subject     : Listing of Equity Shares of LCC Projects Limited (IPO)
      File Size   : 2.87 MB
      File Type   : ZIP
      PDF Link    : https://nsearchives.nseindia.com/content/circulars/CML76364.zip
      Matched By  : "PR"

  [23] ------------------------------------------------------------
      Date        : September 16, 2026
      Circular No : NSE/CML/76351
      Company     : NSE
      Department  : Listing
      Dept Code   : CML
      Category    : Listing
      Subject     : Listing of Equity Shares of LCC Projects Limited (IPO)
      File Size   : 162 KB
      File Type   : PDF
      PDF Link    : https://nsearchives.nseindia.com/content/circulars/CML76351.pdf
      Matched By  : "PR"

  [24] ------------------------------------------------------------
      Date        : September 15, 2026
      Circular No : NSE/CML/76341
      Company     : NSE
      Department  : Listing
      Dept Code   : CML
      Category    : Listing
      Subject     : Listing of privately placed securities on capital market segment
      File Size   : 253 KB
      File Type   : PDF
      PDF Link    : https://nsearchives.nseindia.com/content/circulars/CML76341.pdf
      Matched By  : "PR"

  [25] ------------------------------------------------------------
      Date        : September 15, 2026
      Circular No : NSE/CML/76339
      Company     : NSE
      Department  : Listing
      Dept Code   : CML
      Category    : Listing
      Subject     : Listing of privately placed securities on the debt market segment of the Exchange
      File Size   : 481 KB
      File Type   : PDF
      PDF Link    : https://nsearchives.nseindia.com/content/circulars/CML76339.pdf
      Matched By  : "PR"

  [26] ------------------------------------------------------------
      Date        : September 15, 2026
      Circular No : NSE/CML/76338
      Company     : NSE
      Department  : Debt Segment
      Dept Code   : CML
      Category    : Trading
      Subject     : Suspension of trading in Non-Convertible Securities (Privately Placed)
      File Size   : 247 KB
      File Type   : PDF
      PDF Link    : https://nsearchives.nseindia.com/content/circulars/CML76338.pdf
      Matched By  : "PR"

  [27] ------------------------------------------------------------
      Date        : September 15, 2026
      Circular No : NSE/CML/76336
      Company     : NSE
      Department  : Listing
      Dept Code   : CML
      Category    : Listing
      Subject     : Listing of Equity Shares of Prasol Chemicals Limited (IPO)
      File Size   : 1.59 MB
      File Type   : ZIP
      PDF Link    : https://nsearchives.nseindia.com/content/circulars/CML76336.zip
      Matched By  : "PR"

  [28] ------------------------------------------------------------
      Date        : September 15, 2026
      Circular No : NSE/CML/76317
      Company     : NSE
      Department  : Listing
      Dept Code   : CML
      Category    : Listing
      Subject     : Listing of Equity Shares of Prasol Chemicals Limited (IPO)
      File Size   : 162 KB
      File Type   : PDF
      PDF Link    : https://nsearchives.nseindia.com/content/circulars/CML76317.pdf
      Matched By  : "PR"

======================================================================
