======================================================================
  NSE CIRCULAR KEYWORD MONITOR — Run at 2026-09-10 11:21:34
======================================================================

  🔔 9 MATCHED CIRCULAR(S) FOUND

  [1] ------------------------------------------------------------
      Date        : September 04, 2026
      Circular No : NSE/CML/76197
      Department  : Listing
      Category    : Listing
      Subject     : Extension of trading of Rights Entitlement pursuant to Rights Issue - Rajgor Castor Derivatives Limited
      PDF Link    : https://nsearchives.nseindia.com/content/circulars/CML76197.zip
      Matched By  : "CAS"

  [2] ------------------------------------------------------------
      Date        : September 04, 2026
      Circular No : NSE/SLBS/76191
      Department  : Securities Lending & Borrowing Scheme
      Category    : Clearing
      Subject     : Mock trading on Saturday, September 05, 2026 - No new version release
      PDF Link    : https://nsearchives.nseindia.com/content/circulars/SLBS76191.pdf
      Matched By  : "mock"

  [3] ------------------------------------------------------------
      Date        : September 04, 2026
      Circular No : NSE/COM/76190
      Department  : Commodity Derivatives
      Category    : Trading
      Subject     : Mock session on Saturday, September 05,2026 - No new version release
      PDF Link    : https://nsearchives.nseindia.com/content/circulars/COM76190.pdf
      Matched By  : "mock"

  [4] ------------------------------------------------------------
      Date        : September 04, 2026
      Circular No : NSE/CD/76189
      Department  : Currency Derivatives
      Category    : Trading
      Subject     : Mock trading on Saturday, September 05, 2026 - No new version release
      PDF Link    : https://nsearchives.nseindia.com/content/circulars/CD76189.pdf
      Matched By  : "mock"

  [5] ------------------------------------------------------------
      Date        : September 04, 2026
      Circular No : NSE/CMTR/76187
      Department  : Emerge
      Category    : Others
      Subject     : Mock trading on Saturday, September 05, 2026 - Go Live of modification in the pre-open call auction framework and changes in the norms for Base Price, Price Bands, Call Auction in pre-open session for Exchange Traded Fund (ETF's) - New version of NEAT+ 7.9.0
      PDF Link    : https://nsearchives.nseindia.com/content/circulars/CMTR76187.pdf
      Matched By  : "mock"

  [6] ------------------------------------------------------------
      Date        : September 04, 2026
      Circular No : NSE/FAOP/76186
      Department  : Futures & Options
      Category    : Trading
      Subject     : Mock trading on Saturday, September 05, 2026 - Go Live of modification in the pre-open call auction framework - New Version of NEAT+ 7.9.0
      PDF Link    : https://nsearchives.nseindia.com/content/circulars/FAOP76186.pdf
      Matched By  : "mock"

  [7] ------------------------------------------------------------
      Date        : September 04, 2026
      Circular No : NSE/EGR/76184
      Department  : Electronic Gold Receipt
      Category    : Trading, Clearing & settlement
      Subject     : Mock trading on Saturday, September 05, 2026 - New version of NEAT+ 1.0.1
      PDF Link    : https://nsearchives.nseindia.com/content/circulars/EGR76184.pdf
      Matched By  : "mock"

  [8] ------------------------------------------------------------
      Date        : September 03, 2026
      Circular No : NSE/CMTR/76170
      Department  : Futures & Options
      Category    : Trading
      Subject     : Operational guidelines and Standard Operating Procedure (SOP) on Introduction of Closing Auction Session (CAS) in the Equity Cash Segment - Update
      PDF Link    : https://nsearchives.nseindia.com/content/circulars/CMTR76170.pdf
      Matched By  : "CAS"

  [9] ------------------------------------------------------------
      Date        : September 03, 2026
      Circular No : NSE/MSD/76140
      Department  : Debt Segment
      Category    : Trading
      Subject     : Live trading session from Disaster Recovery (DR) site
      PDF Link    : https://nsearchives.nseindia.com/content/circulars/MSD76140.pdf
      Matched By  : "Live Trading"

======================================================================
