======================================================================
  NSE CIRCULAR KEYWORD MONITOR — Run at 2026-09-11 14:02:03
  Date Range  : 10-09-2026 → 11-09-2026
  Keywords    : DR, rebalancing, Mandatory software version changes, partition, mock, CAS, Live Trading, Mock, cas, PR
======================================================================

  🔔 36 MATCHED CIRCULAR(S) FOUND

  [1] ------------------------------------------------------------
      Date        : September 11, 2026
      Circular No : NSE/CMTR/76303
      Department  : Capital Market (Equities) Trade
      Category    : Trading
      Subject     : Mock trading on Saturday, September 12, 2026 - No new version release
      PDF Link    : https://nsearchives.nseindia.com/content/circulars/CMTR76303.pdf
      Matched By  : "mock" | "Mock"

  [2] ------------------------------------------------------------
      Date        : September 11, 2026
      Circular No : NSE/CML/76302
      Department  : Listing
      Category    : Listing
      Subject     : Listing of Equity Shares of Pranav Constructions Limited (IPO)
      PDF Link    : https://nsearchives.nseindia.com/content/circulars/CML76302.pdf
      Matched By  : "PR"

  [3] ------------------------------------------------------------
      Date        : September 11, 2026
      Circular No : NSE/EGR/76301
      Department  : Electronic Gold Receipt
      Category    : Trading, Clearing & settlement
      Subject     : Mock trading on Saturday, September 12, 2026 - No new version release
      PDF Link    : https://nsearchives.nseindia.com/content/circulars/EGR76301.pdf
      Matched By  : "mock" | "Mock"

  [4] ------------------------------------------------------------
      Date        : September 11, 2026
      Circular No : NSE/CD/76300
      Department  : Currency Derivatives
      Category    : Trading
      Subject     : Mock trading on Saturday, September 12, 2026 - No new version release
      PDF Link    : https://nsearchives.nseindia.com/content/circulars/CD76300.pdf
      Matched By  : "mock" | "Mock"

  [5] ------------------------------------------------------------
      Date        : September 11, 2026
      Circular No : NSE/COM/76297
      Department  : Commodity Derivatives
      Category    : Trading
      Subject     : Mock session on Saturday, September 12, 2026 - No new version release
      PDF Link    : https://nsearchives.nseindia.com/content/circulars/COM76297.pdf
      Matched By  : "mock" | "Mock"

  [6] ------------------------------------------------------------
      Date        : September 11, 2026
      Circular No : NSE/FAOP/76293
      Department  : Futures & Options
      Category    : Trading
      Subject     : Mock trading on Saturday, September 12, 2026 - No new version release
      PDF Link    : https://nsearchives.nseindia.com/content/circulars/FAOP76293.pdf
      Matched By  : "mock" | "Mock"

  [7] ------------------------------------------------------------
      Date        : September 11, 2026
      Circular No : NSE/SLBS/76273
      Department  : Securities Lending & Borrowing Scheme
      Category    : Clearing
      Subject     : Mock trading on Saturday, September 12, 2026 - No new version release
      PDF Link    : https://nsearchives.nseindia.com/content/circulars/SLBS76273.pdf
      Matched By  : "mock" | "Mock"

  [8] ------------------------------------------------------------
      Date        : September 10, 2026
      Circular No : NSE/CML/76295
      Department  : Listing
      Category    : Listing
      Subject     : Listing of further issue of Prabha Energy Limited
      PDF Link    : https://nsearchives.nseindia.com/content/circulars/CML76295.pdf
      Matched By  : "PR"

  [9] ------------------------------------------------------------
      Date        : September 10, 2026
      Circular No : NSE/CML/76287
      Department  : Debt Segment
      Category    : Trading
      Subject     : Listing of privately placed securities on the debt market segment of the Exchange
      PDF Link    : https://nsearchives.nseindia.com/content/circulars/CML76287.pdf
      Matched By  : "PR"

  [10] ------------------------------------------------------------
      Date        : September 10, 2026
      Circular No : NSE/CML/76285
      Department  : Listing
      Category    : Listing
      Subject     : Listing of privately placed securities on capital market segment
      PDF Link    : https://nsearchives.nseindia.com/content/circulars/CML76285.pdf
      Matched By  : "PR"

  [11] ------------------------------------------------------------
      Date        : September 10, 2026
      Circular No : NSE/CML/76275
      Department  : Debt Segment
      Category    : Trading
      Subject     : Suspension of trading in Non-Convertible Securities (Privately Placed)
      PDF Link    : https://nsearchives.nseindia.com/content/circulars/CML76275.pdf
      Matched By  : "PR"

  [12] ------------------------------------------------------------
      Date        : September 10, 2026
      Circular No : NSE/CML/76274
      Department  : Listing
      Category    : Listing
      Subject     : Change in name of Pritish Nandy Communications Limited
      PDF Link    : https://nsearchives.nseindia.com/content/circulars/CML76274.pdf
      Matched By  : "PR"

  [13] ------------------------------------------------------------
      Date        : September 10, 2026
      Circular No : NCL/COM/76267
      Department  : Commodity Derivatives
      Category    : Trading
      Subject     : Review of Position Limits for Clients and Penalty Provisions for Violation / Breach of Position Limits for Commodity Derivatives Segment
      PDF Link    : https://nsearchives.nseindia.com/content/circulars/COM76267.zip
      Matched By  : "PR"

  [14] ------------------------------------------------------------
      Date        : September 09, 2026
      Circular No : NSE/CML/76255
      Department  : Listing
      Category    : Listing
      Subject     : Listing of privately placed securities on the debt market segment of the Exchange
      PDF Link    : https://nsearchives.nseindia.com/content/circulars/CML76255.pdf
      Matched By  : "PR"

  [15] ------------------------------------------------------------
      Date        : September 09, 2026
      Circular No : NSE/CML/76254
      Department  : Listing
      Category    : Listing
      Subject     : Listing of privately placed securities on capital market segment
      PDF Link    : https://nsearchives.nseindia.com/content/circulars/CML76254.pdf
      Matched By  : "PR"

  [16] ------------------------------------------------------------
      Date        : September 09, 2026
      Circular No : NSE/CML/76250
      Department  : Debt Segment
      Category    : Trading
      Subject     : Suspension of trading in Non-Convertible Securities (Privately Placed)
      PDF Link    : https://nsearchives.nseindia.com/content/circulars/CML76250.pdf
      Matched By  : "PR"

  [17] ------------------------------------------------------------
      Date        : September 09, 2026
      Circular No : NCL/CMPT/76248
      Department  : Securities Lending & Borrowing Scheme
      Category    : Clearing
      Subject     : Consolidated report providing valuation price and haircut for collateral valuation
      PDF Link    : https://nsearchives.nseindia.com/content/circulars/CMPT76248.pdf
      Matched By  : "PR"

  [18] ------------------------------------------------------------
      Date        : September 08, 2026
      Circular No : NSE/CML/76238
      Department  : Listing
      Category    : Listing
      Subject     : Listing of privately placed securities on the debt market segment of the Exchange
      PDF Link    : https://nsearchives.nseindia.com/content/circulars/CML76238.pdf
      Matched By  : "PR"

  [19] ------------------------------------------------------------
      Date        : September 08, 2026
      Circular No : NSE/CML/76237
      Department  : Listing
      Category    : Listing
      Subject     : Listing of privately placed securities on capital market segment
      PDF Link    : https://nsearchives.nseindia.com/content/circulars/CML76237.pdf
      Matched By  : "PR"

  [20] ------------------------------------------------------------
      Date        : September 08, 2026
      Circular No : NSE/CML/76180
      Department  : Debt Segment
      Category    : Trading
      Subject     : Suspension of trading in Non-Convertible Securities (Privately Placed)
      PDF Link    : https://nsearchives.nseindia.com/content/circulars/CML76180.pdf
      Matched By  : "PR"

  [21] ------------------------------------------------------------
      Date        : September 07, 2026
      Circular No : NSE/CML/76224
      Department  : Listing
      Category    : Listing
      Subject     : Listing of privately placed securities on the debt market segment of the Exchange
      PDF Link    : https://nsearchives.nseindia.com/content/circulars/CML76224.pdf
      Matched By  : "PR"

  [22] ------------------------------------------------------------
      Date        : September 07, 2026
      Circular No : NSE/CML/76223
      Department  : Listing
      Category    : Listing
      Subject     : Listing of further issue of Adani Enterprises Limited
      PDF Link    : https://nsearchives.nseindia.com/content/circulars/CML76223.pdf
      Matched By  : "PR"

  [23] ------------------------------------------------------------
      Date        : September 04, 2026
      Circular No : NSE/CML/76198
      Department  : Listing
      Category    : Listing
      Subject     : Listing of privately placed securities on capital market segment
      PDF Link    : https://nsearchives.nseindia.com/content/circulars/CML76198.pdf
      Matched By  : "PR"

  [24] ------------------------------------------------------------
      Date        : September 04, 2026
      Circular No : NSE/CML/76197
      Department  : Emerge
      Category    : Others
      Subject     : Extension of trading of Rights Entitlement pursuant to Rights Issue - Rajgor Castor Derivatives Limited
      PDF Link    : https://nsearchives.nseindia.com/content/circulars/CML76197.zip
      Matched By  : "CAS" | "cas"

  [25] ------------------------------------------------------------
      Date        : September 04, 2026
      Circular No : NSE/CML/76193
      Department  : Debt Segment
      Category    : Trading
      Subject     : Listing of privately placed securities on the debt market segment of the Exchange
      PDF Link    : https://nsearchives.nseindia.com/content/circulars/CML76193.pdf
      Matched By  : "PR"

  [26] ------------------------------------------------------------
      Date        : September 04, 2026
      Circular No : NSE/SLBS/76191
      Department  : Securities Lending & Borrowing Scheme
      Category    : Clearing
      Subject     : Mock trading on Saturday, September 05, 2026 - No new version release
      PDF Link    : https://nsearchives.nseindia.com/content/circulars/SLBS76191.pdf
      Matched By  : "mock" | "Mock"

  [27] ------------------------------------------------------------
      Date        : September 04, 2026
      Circular No : NSE/COM/76190
      Department  : Commodity Derivatives
      Category    : Trading
      Subject     : Mock session on Saturday, September 05,2026 - No new version release
      PDF Link    : https://nsearchives.nseindia.com/content/circulars/COM76190.pdf
      Matched By  : "mock" | "Mock"

  [28] ------------------------------------------------------------
      Date        : September 04, 2026
      Circular No : NSE/CD/76189
      Department  : Currency Derivatives
      Category    : Trading
      Subject     : Mock trading on Saturday, September 05, 2026 - No new version release
      PDF Link    : https://nsearchives.nseindia.com/content/circulars/CD76189.pdf
      Matched By  : "mock" | "Mock"

  [29] ------------------------------------------------------------
      Date        : September 04, 2026
      Circular No : NCL/CMPT/76188
      Department  : NSE Clearing - Capital Market
      Category    : Clearing
      Subject     : Close-out procedure for shortages in overnight ETF's and liquid ETFs
      PDF Link    : https://nsearchives.nseindia.com/content/circulars/CMPT76188.pdf
      Matched By  : "PR"

  [30] ------------------------------------------------------------
      Date        : September 04, 2026
      Circular No : NSE/CMTR/76187
      Department  : Capital Market (Equities) Trade
      Category    : Trading
      Subject     : Mock trading on Saturday, September 05, 2026 - Go Live of modification in the pre-open call auction framework and changes in the norms for Base Price, Price Bands, Call Auction in pre-open session for Exchange Traded Fund (ETF's) - New version of NEAT+ 7.9.0
      PDF Link    : https://nsearchives.nseindia.com/content/circulars/CMTR76187.pdf
      Matched By  : "mock" | "Mock" | "PR"

  [31] ------------------------------------------------------------
      Date        : September 04, 2026
      Circular No : NSE/FAOP/76186
      Department  : Futures & Options
      Category    : Trading
      Subject     : Mock trading on Saturday, September 05, 2026 - Go Live of modification in the pre-open call auction framework - New Version of NEAT+ 7.9.0
      PDF Link    : https://nsearchives.nseindia.com/content/circulars/FAOP76186.pdf
      Matched By  : "mock" | "Mock" | "PR"

  [32] ------------------------------------------------------------
      Date        : September 04, 2026
      Circular No : NSE/EGR/76184
      Department  : Electronic Gold Receipt
      Category    : Trading, Clearing & settlement
      Subject     : Mock trading on Saturday, September 05, 2026 - New version of NEAT+ 1.0.1
      PDF Link    : https://nsearchives.nseindia.com/content/circulars/EGR76184.pdf
      Matched By  : "mock" | "Mock"

  [33] ------------------------------------------------------------
      Date        : September 04, 2026
      Circular No : NSE/NMF/76183
      Department  : Mutual Fund
      Category    : Trading
      Subject     : Change in scheme name of Mahindra Manulife Mutual Fund on NSE MF Invest platform
      PDF Link    : https://nsearchives.nseindia.com/content/circulars/NMF76183.zip
      Matched By  : "DR"

  [34] ------------------------------------------------------------
      Date        : September 04, 2026
      Circular No : NSE/CML/76181
      Department  : Listing
      Category    : Listing
      Subject     : Trade for Trade - Priority Jewels Limited (IPO)
      PDF Link    : https://nsearchives.nseindia.com/content/circulars/CML76181.pdf
      Matched By  : "PR"

  [35] ------------------------------------------------------------
      Date        : September 04, 2026
      Circular No : NSE/CML/76155
      Department  : Debt Segment
      Category    : Trading
      Subject     : Suspension of trading in Non-Convertible Securities (Privately Placed)
      PDF Link    : https://nsearchives.nseindia.com/content/circulars/CML76155.pdf
      Matched By  : "PR"

  [36] ------------------------------------------------------------
      Date        : September 04, 2026
      Circular No : NCL/CMPT/76133
      Department  : NSE Clearing - Capital Market
      Category    : Clearing
      Subject     : Settlement Calendar for Takeover Offer under Tender Offer scheme of Shankara Building Products Limited
      PDF Link    : https://nsearchives.nseindia.com/content/circulars/CMPT76133.pdf
      Matched By  : "PR"

======================================================================
