======================================================================
  NSE CIRCULAR KEYWORD MONITOR — Run at 2026-09-14 09:17:06
  Date Range  : 13-09-2026  →  14-09-2026
  Keywords    : DR, DR PR, rebalancing, Mandatory software version changes, partition, mock, CAS, Live Trading, PR, cas, Mock
======================================================================

  🔔 27 MATCHED CIRCULAR(S) FOUND

  [1] ------------------------------------------------------------
      Date        : September 11, 2026
      Circular No : NSE/CML/76326
      Company     : NSE
      Department  : Listing
      Dept Code   : CML
      Category    : Listing
      Subject     : Revised list of privately issued Corporate Bonds made eligible under DVP-3 settlement on Institutional Platform of Debt Segment
      File Size   : 530 KB
      File Type   : ZIP
      PDF Link    : https://nsearchives.nseindia.com/content/circulars/CML76326.zip
      Matched By  : "PR"

  [2] ------------------------------------------------------------
      Date        : September 11, 2026
      Circular No : NSE/CML/76319
      Company     : NSE
      Department  : Debt Segment
      Dept Code   : CML
      Category    : Trading
      Subject     : Suspension of trading in Non-Convertible Securities (Privately Placed)
      File Size   : 252 KB
      File Type   : PDF
      PDF Link    : https://nsearchives.nseindia.com/content/circulars/CML76319.pdf
      Matched By  : "PR"

  [3] ------------------------------------------------------------
      Date        : September 11, 2026
      Circular No : NSE/CML/76316
      Company     : NSE
      Department  : Debt Segment
      Dept Code   : CML
      Category    : Trading
      Subject     : Listing of privately placed securities on the debt market segment of the Exchange
      File Size   : 407 KB
      File Type   : PDF
      PDF Link    : https://nsearchives.nseindia.com/content/circulars/CML76316.pdf
      Matched By  : "PR"

  [4] ------------------------------------------------------------
      Date        : September 11, 2026
      Circular No : NSE/CML/76313
      Company     : NSE
      Department  : Listing
      Dept Code   : CML
      Category    : Listing
      Subject     : Listing of Equity Shares of Pranav Constructions Limited (IPO)
      File Size   : 1.41 MB
      File Type   : ZIP
      PDF Link    : https://nsearchives.nseindia.com/content/circulars/CML76313.zip
      Matched By  : "PR"

  [5] ------------------------------------------------------------
      Date        : September 11, 2026
      Circular No : NSE/NMF/76311
      Company     : NSE
      Department  : Mutual Fund
      Dept Code   : NMF
      Category    : Trading
      Subject     : Introduction of Monthly Income Distribution cum withdrawal (IDCW) option in Helios Mutual Fund on NSE MF Invest Platform
      File Size   : 450 KB
      File Type   : ZIP
      PDF Link    : https://nsearchives.nseindia.com/content/circulars/NMF76311.zip
      Matched By  : "DR"

  [6] ------------------------------------------------------------
      Date        : September 11, 2026
      Circular No : NSE/CMTR/76303
      Company     : NSE
      Department  : Emerge
      Dept Code   : CMTR
      Category    : Others
      Subject     : Mock trading on Saturday, September 12, 2026 - No new version release
      File Size   : 209 KB
      File Type   : PDF
      PDF Link    : https://nsearchives.nseindia.com/content/circulars/CMTR76303.pdf
      Matched By  : "mock" | "Mock"

  [7] ------------------------------------------------------------
      Date        : September 11, 2026
      Circular No : NSE/CML/76302
      Company     : NSE
      Department  : Listing
      Dept Code   : CML
      Category    : Listing
      Subject     : Listing of Equity Shares of Pranav Constructions Limited (IPO)
      File Size   : 163 KB
      File Type   : PDF
      PDF Link    : https://nsearchives.nseindia.com/content/circulars/CML76302.pdf
      Matched By  : "PR"

  [8] ------------------------------------------------------------
      Date        : September 11, 2026
      Circular No : NSE/EGR/76301
      Company     : NSE
      Department  : Electronic Gold Receipt
      Dept Code   : EGR
      Category    : Trading, Clearing & settlement
      Subject     : Mock trading on Saturday, September 12, 2026 - No new version release
      File Size   : 247 KB
      File Type   : PDF
      PDF Link    : https://nsearchives.nseindia.com/content/circulars/EGR76301.pdf
      Matched By  : "mock" | "Mock"

  [9] ------------------------------------------------------------
      Date        : September 11, 2026
      Circular No : NSE/CD/76300
      Company     : NSE
      Department  : Currency Derivatives
      Dept Code   : CD
      Category    : Trading
      Subject     : Mock trading on Saturday, September 12, 2026 - No new version release
      File Size   : 183 KB
      File Type   : PDF
      PDF Link    : https://nsearchives.nseindia.com/content/circulars/CD76300.pdf
      Matched By  : "mock" | "Mock"

  [10] ------------------------------------------------------------
      Date        : September 11, 2026
      Circular No : NSE/COM/76297
      Company     : NSE
      Department  : Commodity Derivatives
      Dept Code   : COM
      Category    : Trading
      Subject     : Mock session on Saturday, September 12, 2026 - No new version release
      File Size   : 181 KB
      File Type   : PDF
      PDF Link    : https://nsearchives.nseindia.com/content/circulars/COM76297.pdf
      Matched By  : "mock" | "Mock"

  [11] ------------------------------------------------------------
      Date        : September 11, 2026
      Circular No : NSE/FAOP/76293
      Company     : NSE
      Department  : Futures & Options
      Dept Code   : FAOP
      Category    : Trading
      Subject     : Mock trading on Saturday, September 12, 2026 - No new version release
      File Size   : 198 KB
      File Type   : PDF
      PDF Link    : https://nsearchives.nseindia.com/content/circulars/FAOP76293.pdf
      Matched By  : "mock" | "Mock"

  [12] ------------------------------------------------------------
      Date        : September 11, 2026
      Circular No : NSE/SLBS/76273
      Company     : NSE
      Department  : Securities Lending & Borrowing Scheme
      Dept Code   : SLBS
      Category    : Clearing
      Subject     : Mock trading on Saturday, September 12, 2026 - No new version release
      File Size   : 181 KB
      File Type   : PDF
      PDF Link    : https://nsearchives.nseindia.com/content/circulars/SLBS76273.pdf
      Matched By  : "mock" | "Mock"

  [13] ------------------------------------------------------------
      Date        : September 10, 2026
      Circular No : NSE/CML/76295
      Company     : NSE
      Department  : Listing
      Dept Code   : CML
      Category    : Listing
      Subject     : Listing of further issue of Prabha Energy Limited
      File Size   : 705 KB
      File Type   : PDF
      PDF Link    : https://nsearchives.nseindia.com/content/circulars/CML76295.pdf
      Matched By  : "PR"

  [14] ------------------------------------------------------------
      Date        : September 10, 2026
      Circular No : NSE/CML/76287
      Company     : NSE
      Department  : Debt Segment
      Dept Code   : CML
      Category    : Trading
      Subject     : Listing of privately placed securities on the debt market segment of the Exchange
      File Size   : 290 KB
      File Type   : PDF
      PDF Link    : https://nsearchives.nseindia.com/content/circulars/CML76287.pdf
      Matched By  : "PR"

  [15] ------------------------------------------------------------
      Date        : September 10, 2026
      Circular No : NSE/CML/76285
      Company     : NSE
      Department  : Listing
      Dept Code   : CML
      Category    : Listing
      Subject     : Listing of privately placed securities on capital market segment
      File Size   : 246 KB
      File Type   : PDF
      PDF Link    : https://nsearchives.nseindia.com/content/circulars/CML76285.pdf
      Matched By  : "PR"

  [16] ------------------------------------------------------------
      Date        : September 10, 2026
      Circular No : NSE/CML/76275
      Company     : NSE
      Department  : Debt Segment
      Dept Code   : CML
      Category    : Trading
      Subject     : Suspension of trading in Non-Convertible Securities (Privately Placed)
      File Size   : 248 KB
      File Type   : PDF
      PDF Link    : https://nsearchives.nseindia.com/content/circulars/CML76275.pdf
      Matched By  : "PR"

  [17] ------------------------------------------------------------
      Date        : September 10, 2026
      Circular No : NSE/CML/76274
      Company     : NSE
      Department  : Listing
      Dept Code   : CML
      Category    : Listing
      Subject     : Change in name of Pritish Nandy Communications Limited
      File Size   : 191 KB
      File Type   : PDF
      PDF Link    : https://nsearchives.nseindia.com/content/circulars/CML76274.pdf
      Matched By  : "PR"

  [18] ------------------------------------------------------------
      Date        : September 10, 2026
      Circular No : NCL/COM/76267
      Company     : NCL
      Department  : Commodity Derivatives
      Dept Code   : COM
      Category    : Trading
      Subject     : Review of Position Limits for Clients and Penalty Provisions for Violation / Breach of Position Limits for Commodity Derivatives Segment
      File Size   : 444 KB
      File Type   : ZIP
      PDF Link    : https://nsearchives.nseindia.com/content/circulars/COM76267.zip
      Matched By  : "PR"

  [19] ------------------------------------------------------------
      Date        : September 09, 2026
      Circular No : NSE/CML/76255
      Company     : NSE
      Department  : Debt Segment
      Dept Code   : CML
      Category    : Trading
      Subject     : Listing of privately placed securities on the debt market segment of the Exchange
      File Size   : 342 KB
      File Type   : PDF
      PDF Link    : https://nsearchives.nseindia.com/content/circulars/CML76255.pdf
      Matched By  : "PR"

  [20] ------------------------------------------------------------
      Date        : September 09, 2026
      Circular No : NSE/CML/76254
      Company     : NSE
      Department  : Listing
      Dept Code   : CML
      Category    : Listing
      Subject     : Listing of privately placed securities on capital market segment
      File Size   : 211 KB
      File Type   : PDF
      PDF Link    : https://nsearchives.nseindia.com/content/circulars/CML76254.pdf
      Matched By  : "PR"

  [21] ------------------------------------------------------------
      Date        : September 09, 2026
      Circular No : NSE/CML/76250
      Company     : NSE
      Department  : Debt Segment
      Dept Code   : CML
      Category    : Trading
      Subject     : Suspension of trading in Non-Convertible Securities (Privately Placed)
      File Size   : 248 KB
      File Type   : PDF
      PDF Link    : https://nsearchives.nseindia.com/content/circulars/CML76250.pdf
      Matched By  : "PR"

  [22] ------------------------------------------------------------
      Date        : September 09, 2026
      Circular No : NCL/CMPT/76248
      Company     : NCL
      Department  : Securities Lending & Borrowing Scheme
      Dept Code   : CMPT
      Category    : Clearing
      Subject     : Consolidated report providing valuation price and haircut for collateral valuation
      File Size   : 301 KB
      File Type   : PDF
      PDF Link    : https://nsearchives.nseindia.com/content/circulars/CMPT76248.pdf
      Matched By  : "PR"

  [23] ------------------------------------------------------------
      Date        : September 08, 2026
      Circular No : NSE/CML/76238
      Company     : NSE
      Department  : Debt Segment
      Dept Code   : CML
      Category    : Trading
      Subject     : Listing of privately placed securities on the debt market segment of the Exchange
      File Size   : 334 KB
      File Type   : PDF
      PDF Link    : https://nsearchives.nseindia.com/content/circulars/CML76238.pdf
      Matched By  : "PR"

  [24] ------------------------------------------------------------
      Date        : September 08, 2026
      Circular No : NSE/CML/76237
      Company     : NSE
      Department  : Listing
      Dept Code   : CML
      Category    : Listing
      Subject     : Listing of privately placed securities on capital market segment
      File Size   : 210 KB
      File Type   : PDF
      PDF Link    : https://nsearchives.nseindia.com/content/circulars/CML76237.pdf
      Matched By  : "PR"

  [25] ------------------------------------------------------------
      Date        : September 08, 2026
      Circular No : NSE/CML/76180
      Company     : NSE
      Department  : Listing
      Dept Code   : CML
      Category    : Listing
      Subject     : Suspension of trading in Non-Convertible Securities (Privately Placed)
      File Size   : 244 KB
      File Type   : PDF
      PDF Link    : https://nsearchives.nseindia.com/content/circulars/CML76180.pdf
      Matched By  : "PR"

  [26] ------------------------------------------------------------
      Date        : September 07, 2026
      Circular No : NSE/CML/76224
      Company     : NSE
      Department  : Listing
      Dept Code   : CML
      Category    : Listing
      Subject     : Listing of privately placed securities on the debt market segment of the Exchange
      File Size   : 289 KB
      File Type   : PDF
      PDF Link    : https://nsearchives.nseindia.com/content/circulars/CML76224.pdf
      Matched By  : "PR"

  [27] ------------------------------------------------------------
      Date        : September 07, 2026
      Circular No : NSE/CML/76223
      Company     : NSE
      Department  : Listing
      Dept Code   : CML
      Category    : Listing
      Subject     : Listing of further issue of Adani Enterprises Limited
      File Size   : 268 KB
      File Type   : PDF
      PDF Link    : https://nsearchives.nseindia.com/content/circulars/CML76223.pdf
      Matched By  : "PR"

======================================================================
